# SI-LLM-Gateway Secret Scanner Baseline
# ─────────────────────────────────────────────────────────────────────────────
# Known false positives or accepted test fixtures that should NOT block
# GitHub push. Format: <file>:<line>:<category>
#
# To regenerate: ./scripts/scan-secrets.sh --format=json | jq ...
# Or manually edit if you intentionally add a placeholder that the scanner
# flags but you trust.
# ─────────────────────────────────────────────────────────────────────────────

admin/auth_middleware_test.go:10:CRED_ASSIGN
admin/free_pool_extra.go:636:INTERNAL_IP
admin/free_pool_extra.go:637:INTERNAL_IP
admin/superadmin_test.go:170:INTERNAL_IP
admin/superadmin_test.go:175:INTERNAL_IP
admin/superadmin_test.go:179:INTERNAL_IP
admin/superadmin_test.go:218:INTERNAL_IP
admin/superadmin_test.go:219:INTERNAL_IP
autoroute/http_llm_caller_test.go:50:CRED_ASSIGN
deploy/k8s/cron/pricing-monthly-refresh.yaml:102:CRED_ASSIGN
deploy/k8s/cron/pricing-monthly-refresh.yaml:87:CRED_ASSIGN
Dockerfile:10:INTERNAL_DOMAIN
Dockerfile:55:INTERNAL_DOMAIN
docs/2026-06-20-complete-deployment-report.md:82:CRED_ASSIGN
docs/2026-06-20-deployment-verification-report.md:205:CRED_ASSIGN
docs/2026-06-20-deployment-verification-report.md:209:CRED_ASSIGN
docs/2026-06-25-multi-level-sticky-implementation-report.md:126:CRED_ASSIGN
docs/2026-06-25-multi-level-sticky-implementation-report.md:183:CRED_ASSIGN
docs/2026-06-25-multi-level-sticky-implementation-report.md:233:CRED_ASSIGN
docs/2026-06-25-multi-level-sticky-implementation-report.md:274:CRED_ASSIGN
docs/complete-project-summary.md:282:CRED_ASSIGN
docs/credential-detail-drawer-enhancement.md:394:INTERNAL_IP
memora/client_config_test.go:36:CRED_ASSIGN
memora/client_config_test.go:37:CRED_ASSIGN
routing/context_summarize_test.go:351:CRED_ASSIGN
routing/executor_anthropic_test.go:149:CRED_ASSIGN
routing/executor_anthropic_test.go:21:CRED_ASSIGN
scripts/analyze-request-logs-size.sh:15:CRED_ASSIGN
scripts/analyze-request-logs-size.sh:41:CRED_ASSIGN
scripts/archive-request-logs.sh:120:CRED_ASSIGN
scripts/archive-request-logs.sh:128:CRED_ASSIGN
scripts/archive-request-logs.sh:145:CRED_ASSIGN
scripts/archive-request-logs.sh:15:CRED_ASSIGN
scripts/archive-request-logs.sh:159:CRED_ASSIGN
scripts/archive-request-logs.sh:208:CRED_ASSIGN
scripts/archive-request-logs.sh:218:CRED_ASSIGN
scripts/delete-old-request-logs.sh:103:CRED_ASSIGN
scripts/delete-old-request-logs.sh:110:CRED_ASSIGN
scripts/delete-old-request-logs.sh:148:CRED_ASSIGN
scripts/delete-old-request-logs.sh:15:CRED_ASSIGN
scripts/delete-old-request-logs.sh:185:CRED_ASSIGN
scripts/delete-old-request-logs.sh:195:CRED_ASSIGN
scripts/delete-old-request-logs.sh:95:CRED_ASSIGN
security/armor/judge_test.go:183:CRED_ASSIGN
tests/integration/quadrants_test.go:146:CRED_ASSIGN
tests/integration/quadrants_test.go:211:CRED_ASSIGN
tests/integration/quadrants_test.go:307:CRED_ASSIGN
tests/integration/quadrants_test.go:88:CRED_ASSIGN
tools/specboost/cmd/poc_benchmark/main.go:78:CRED_ASSIGN
tools/specboost/enhance_test.go:104:CRED_ASSIGN
tools/specboost/enhance_test.go:131:CRED_ASSIGN
tools/specboost/enhance_test.go:155:CRED_ASSIGN
tools/specboost/enhance_test.go:173:CRED_ASSIGN
tools/specboost/enhance_test.go:192:CRED_ASSIGN
tools/specboost/enhance_test.go:53:CRED_ASSIGN
tools/specboost/enhance_test.go:82:CRED_ASSIGN
web/src/views/ExamplesView.vue:35:CRED_ASSIGN
web/src/views/ExamplesView.vue:53:CRED_ASSIGN
web/src/views/ExamplesView.vue:69:CRED_ASSIGN
