# SI-LLM-Gateway Secret Scanner Baseline — EMPTY (spec cf8aad1a9 AC-10)
#
# Per spec, the post-Slice-7 repository must have ZERO blocking
# plaintext credential findings. This baseline therefore lists no
# false positives — anything that the scanner flags is a real issue
# that must be fixed (typically by replacing the literal value with
# `${KEY}` / `<env:KEY>` placeholders, or by SOPS-encrypting the
# file under .env.*.enc).
#
# Format if you ever need to re-add an entry is:
#   <file>:<line>:<category>
#
# Regeneration is a no-op:
#   bash scripts/scan-secrets.sh --baseline=scripts/scan-secrets.baseline
# If the scan exits BLOCK, do NOT add entries here — fix the file.
